// Jest Snapshot v1, https://goo.gl/fbAQLP

exports[`Prueba HeroScreen debe mostrarse el componente redirect si no hay argumentos en el url  1`] = `""`;
