// Jest Snapshot v1, https://goo.gl/fbAQLP

exports[`Pruebas Navbar debe de mostrarse correctamente 1`] = `
<nav
  className="navbar navbar-expand-sm navbar-dark bg-dark"
>
  <div
    className="container-fluid"
  >
    <a
      className="navbar-brand"
      onClick={[Function]}
    >
      Asociaciones
    </a>
    <div
      className="collapse navbar-collapse"
      id="navbarTogglerDemo02"
    >
      <div
        className="navbar-nav me-auto mb-2 mb-lg-0"
      >
        <a
          aria-current={null}
          className="nav-item nav-link"
          onClick={[Function]}
        >
          Marvel
        </a>
        <a
          aria-current={null}
          className="nav-item nav-link"
          onClick={[Function]}
        >
          DC
        </a>
        <a
          aria-current={null}
          className="nav-item nav-link"
          onClick={[Function]}
        >
          Buscar
        </a>
      </div>
      <div
        className="d-flex"
      >
        <span
          className="nav-item nav-link text-info"
        >
          Juan
        </span>
        <button
          className="nav-item nav-link btn"
          onClick={[Function]}
        >
          Logout
        </button>
      </div>
    </div>
  </div>
</nav>
`;
