// Jest Snapshot v1, https://goo.gl/fbAQLP

exports[`Prueba SearchScreen debe de mostrarse correctamente  1`] = `
<div
  className="row"
>
  <div
    className="col-5"
  >
    <h1>
      Search Screen
    </h1>
    <hr />
    <form
      onSubmit={[Function]}
    >
      <input
        autoComplete="off"
        className="form-control"
        name="searchText"
        onChange={[Function]}
        placeholder="Find your hero"
        type="text"
        value=""
      />
      <div
        className="d-grid gap-2"
      >
        <button
          className="btn mt-2 btn-outline-primary"
          type="submit"
        >
          Search
        </button>
      </div>
    </form>
  </div>
  <div
    className="col-7"
  >
    <h4>
      Resultados
    </h4>
    <hr />
    <div
      className="alert alert-info"
    >
      Buscar un heroe
    </div>
  </div>
</div>
`;
